// Jest Snapshot v1, https://goo.gl/fbAQLP

exports[`Footer component render correctly 1`] = `
ShallowWrapper {
  Symbol(enzyme.__root__): [Circular],
  Symbol(enzyme.__unrendered__): <Footer />,
  Symbol(enzyme.__renderer__): Object {
    "batchedUpdates": [Function],
    "checkPropTypes": [Function],
    "getNode": [Function],
    "render": [Function],
    "simulateError": [Function],
    "simulateEvent": [Function],
    "unmount": [Function],
  },
  Symbol(enzyme.__node__): Object {
    "instance": null,
    "key": undefined,
    "nodeType": "class",
    "props": Object {
      "children": <WithStyles(Grid)
        item={true}
        xs={true}
      >
        <WithStyles(Typography)
          align="center"
          gutterBottom={true}
          variant="overline"
        >
          <br />
          by
          <a
            href="https://github.com/yasintze/simple-exchange-rates"
          >
            Yasin Junet
          </a>
        </WithStyles(Typography)>
      </WithStyles(Grid)>,
      "container": true,
    },
    "ref": null,
    "rendered": Object {
      "instance": null,
      "key": undefined,
      "nodeType": "class",
      "props": Object {
        "children": <WithStyles(Typography)
          align="center"
          gutterBottom={true}
          variant="overline"
        >
          <br />
          by
          <a
            href="https://github.com/yasintze/simple-exchange-rates"
          >
            Yasin Junet
          </a>
        </WithStyles(Typography)>,
        "item": true,
        "xs": true,
      },
      "ref": null,
      "rendered": Object {
        "instance": null,
        "key": undefined,
        "nodeType": "class",
        "props": Object {
          "align": "center",
          "children": Array [
            undefined,
            <br />,
            "by",
            <a
              href="https://github.com/yasintze/simple-exchange-rates"
            >
              Yasin Junet
            </a>,
          ],
          "gutterBottom": true,
          "variant": "overline",
        },
        "ref": null,
        "rendered": Array [
          undefined,
          Object {
            "instance": null,
            "key": undefined,
            "nodeType": "host",
            "props": Object {},
            "ref": null,
            "rendered": null,
            "type": "br",
          },
          "by",
          Object {
            "instance": null,
            "key": undefined,
            "nodeType": "host",
            "props": Object {
              "children": "Yasin Junet",
              "href": "https://github.com/yasintze/simple-exchange-rates",
            },
            "ref": null,
            "rendered": "Yasin Junet",
            "type": "a",
          },
        ],
        "type": [Function],
      },
      "type": [Function],
    },
    "type": [Function],
  },
  Symbol(enzyme.__nodes__): Array [
    Object {
      "instance": null,
      "key": undefined,
      "nodeType": "class",
      "props": Object {
        "children": <WithStyles(Grid)
          item={true}
          xs={true}
        >
          <WithStyles(Typography)
            align="center"
            gutterBottom={true}
            variant="overline"
          >
            <br />
            by
            <a
              href="https://github.com/yasintze/simple-exchange-rates"
            >
              Yasin Junet
            </a>
          </WithStyles(Typography)>
        </WithStyles(Grid)>,
        "container": true,
      },
      "ref": null,
      "rendered": Object {
        "instance": null,
        "key": undefined,
        "nodeType": "class",
        "props": Object {
          "children": <WithStyles(Typography)
            align="center"
            gutterBottom={true}
            variant="overline"
          >
            <br />
            by
            <a
              href="https://github.com/yasintze/simple-exchange-rates"
            >
              Yasin Junet
            </a>
          </WithStyles(Typography)>,
          "item": true,
          "xs": true,
        },
        "ref": null,
        "rendered": Object {
          "instance": null,
          "key": undefined,
          "nodeType": "class",
          "props": Object {
            "align": "center",
            "children": Array [
              undefined,
              <br />,
              "by",
              <a
                href="https://github.com/yasintze/simple-exchange-rates"
              >
                Yasin Junet
              </a>,
            ],
            "gutterBottom": true,
            "variant": "overline",
          },
          "ref": null,
          "rendered": Array [
            undefined,
            Object {
              "instance": null,
              "key": undefined,
              "nodeType": "host",
              "props": Object {},
              "ref": null,
              "rendered": null,
              "type": "br",
            },
            "by",
            Object {
              "instance": null,
              "key": undefined,
              "nodeType": "host",
              "props": Object {
                "children": "Yasin Junet",
                "href": "https://github.com/yasintze/simple-exchange-rates",
              },
              "ref": null,
              "rendered": "Yasin Junet",
              "type": "a",
            },
          ],
          "type": [Function],
        },
        "type": [Function],
      },
      "type": [Function],
    },
  ],
  Symbol(enzyme.__options__): Object {
    "adapter": ReactSixteenAdapter {
      "options": Object {
        "enableComponentDidUpdateOnSetState": true,
        "legacyContextMode": "parent",
        "lifecycles": Object {
          "componentDidUpdate": Object {
            "onSetState": true,
          },
          "getChildContext": Object {
            "calledByRenderer": false,
          },
          "getDerivedStateFromError": true,
          "getDerivedStateFromProps": Object {
            "hasShouldComponentUpdateBug": false,
          },
          "getSnapshotBeforeUpdate": true,
          "setState": Object {
            "skipsComponentDidUpdateOnNullish": true,
          },
        },
      },
    },
    Symbol(enzyme.__providerValues__): undefined,
  },
  Symbol(enzyme.__providerValues__): Map {},
}
`;
